/**
 * Copyright 2004-present Facebook. All Rights Reserved.
 *
 * @providesModule CompatProfile
 */

'use strict';

const CompatProfilePic = require('CompatProfilePic');
const Relay2CompatContainer = require('Relay2CompatContainer');
const graphql = require('graphql');

const CompatProfile = () => null;

module.exports = Relay2CompatContainer.createContainer(CompatProfile, {
  user: {
    relay: function () {
      const RelayQL_GENERATED = require('RelayQL_GENERATED'),
            CompatProfilePic_user = CompatProfilePic.getFragment('user');

      return {
        kind: 'FragmentDefinition',
        argumentDefinitions: [],
        node: RelayQL_GENERATED`fragment CompatProfile_user on User {
  name
  ...CompatProfilePic_user
}`
      };
    },
    relayExperimental: function () {
      return require('CompatProfile_user.relay2ql');
    }
  }
});
