/**
 * Copyright 2004-present Facebook. All Rights Reserved.
 *
 * @providesModule Compat
 */

'use strict';

const graphql = require('graphql');
const CompatProfilePic = require('CompatProfilePic');

const CompatViewerQuery = {
  relay: function () {
    const RelayQL_GENERATED = require('RelayQL_GENERATED'),
          CompatProfilePic_user = CompatProfilePic.getFragment('user');

    return {
      kind: 'OperationDefinition',
      argumentDefinitions: [{
        defaultValue: null,
        kind: 'LocalArgument',
        name: 'id'
      }, {
        defaultValue: 1.5,
        kind: 'LocalArgument',
        name: 'scale'
      }],
      name: 'CompatViewerQuery',
      operation: 'query',
      node: RelayQL_GENERATED`fragment CompatViewerQuery on Query {
  viewer {
    actor {
      id
      ...CompatProfilePic_user
    }
  }
  user: node(id: $id) {
    ... on User {
      id
      ...CompatProfilePic_user
    }
  }
}`
    };
  },
  relayExperimental: function () {
    return require('CompatViewerQuery.relay2ql');
  }
};
