/**
 * Copyright 2004-present Facebook. All Rights Reserved.
 *
 * @providesModule Compat
 */

'use strict';

const graphql = require('graphql');
const CompatProfilePic = require('CompatProfilePic');

const CompatCommentCreateMutation = {
  relay: function () {
    const RelayQL_GENERATED = require('RelayQL_GENERATED'),
          CompatProfilePic_user = CompatProfilePic.getFragment('user');

    return {
      kind: 'OperationDefinition',
      argumentDefinitions: [{
        defaultValue: null,
        kind: 'LocalArgument',
        name: 'input'
      }],
      fragment: RelayQL_GENERATED`fragment CompatCommentCreateMutation__fragment on Query {
  commentCreate(input: $input) {
    viewer {
      actor {
        id
        ...CompatProfilePic_user
      }
    }
  }
}`,
      name: 'CompatCommentCreateMutation',
      operation: 'mutation',
      queries: {
        commentCreate: RelayQL_GENERATED`mutation CompatCommentCreateMutation_commentCreate($input: CommentCreateInput!) {
  commentCreate(input: $input) {
    viewer {
      actor {
        id
        ...CompatProfilePic_user
      }
    }
  }
}`
      }
    };
  },
  relayExperimental: function () {
    return require('CompatCommentCreateMutation.relay2ql');
  }
};
