/**
 * Copyright 2004-present Facebook. All Rights Reserved.
 *
 * @providesModule Compat
 */

'use strict';

const graphql = require('graphql');
const CompatProfilePic = require('CompatProfilePic');

const CompatViewerQuery = {
  relay: function () {
    const RelayQL_GENERATED = require('RelayQL_GENERATED'),
          CompatProfilePic_user = CompatProfilePic.getFragment('user');

    return {
      kind: 'OperationDefinition',
      argumentDefinitions: [{
        defaultValue: null,
        kind: 'LocalArgument',
        name: 'id'
      }, {
        defaultValue: 1.5,
        kind: 'LocalArgument',
        name: 'scale'
      }],
      fragment: RelayQL_GENERATED`fragment CompatViewerQuery__fragment on Query {
  node(id: $id) {
    ... on User {
      id
      ...CompatProfilePic_user
    }
  }
}`,
      name: 'CompatViewerQuery',
      operation: 'query',
      queries: {
        node: RelayQL_GENERATED`query CompatViewerQuery_node($id: ID!, $scale: Float = 1.5) {
  node(id: $id) {
    ... on User {
      id
      ...CompatProfilePic_user
    }
  }
}`
      }
    };
  },
  relayExperimental: function () {
    return require('CompatViewerQuery.relay2ql');
  }
};
